2025-09-10 18:37:38 - c.s.I.InsuranceManagementApplication - Starting InsuranceManagementApplication using Java 17.0.12 with PID 12480 (E:\360 ripples spring assignments\InsuranceManagementApp-old\InsuranceManagementApp\target\classes started by User in E:\360 ripples spring assignments\InsuranceManagementApp-old)
2025-09-10 18:37:38 - c.s.I.InsuranceManagementApplication - No active profile set, falling back to 1 default profile: "default"
2025-09-10 18:37:42 - o.s.d.r.c.RepositoryConfigurationDelegate - Bootstrapping Spring Data JPA repositories in DEFAULT mode.
2025-09-10 18:37:42 - o.s.d.r.c.RepositoryConfigurationDelegate - Finished Spring Data repository scanning in 289 ms. Found 6 JPA repository interfaces.
2025-09-10 18:37:45 - o.s.b.w.e.tomcat.TomcatWebServer - Tomcat initialized with port 8080 (http)
2025-09-10 18:37:45 - o.a.catalina.core.StandardService - Starting service [Tomcat]
2025-09-10 18:37:45 - o.a.catalina.core.StandardEngine - Starting Servlet engine: [Apache Tomcat/10.1.41]
2025-09-10 18:37:45 - o.a.c.c.C.[Tomcat].[localhost].[/] - Initializing Spring embedded WebApplicationContext
2025-09-10 18:37:45 - o.s.b.w.s.c.ServletWebServerApplicationContext - Root WebApplicationContext: initialization completed in 6196 ms
2025-09-10 18:37:46 - o.h.jpa.internal.util.LogHelper - HHH000204: Processing PersistenceUnitInfo [name: default]
2025-09-10 18:37:46 - org.hibernate.Version - HHH000412: Hibernate ORM core version 6.6.15.Final
2025-09-10 18:37:46 - o.h.c.i.RegionFactoryInitiator - HHH000026: Second-level cache disabled
2025-09-10 18:37:47 - o.s.o.j.p.SpringPersistenceUnitInfo - No LoadTimeWeaver setup: ignoring JPA class transformer
2025-09-10 18:37:47 - com.zaxxer.hikari.HikariDataSource - HikariPool-1 - Starting...
2025-09-10 18:37:48 - com.zaxxer.hikari.pool.HikariPool - HikariPool-1 - Added connection com.mysql.cj.jdbc.ConnectionImpl@38e46765
2025-09-10 18:37:48 - com.zaxxer.hikari.HikariDataSource - HikariPool-1 - Start completed.
2025-09-10 18:37:48 - org.hibernate.orm.deprecation - HHH90000025: MySQLDialect does not need to be specified explicitly using 'hibernate.dialect' (remove the property setting and it will be selected by default)
2025-09-10 18:37:49 - o.hibernate.orm.connections.pooling - HHH10001005: Database info:
	Database JDBC URL [Connecting through datasource 'HikariDataSource (HikariPool-1)']
	Database driver: undefined/unknown
	Database version: 8.0.41
	Autocommit mode: undefined/unknown
	Isolation level: undefined/unknown
	Minimum pool size: undefined/unknown
	Maximum pool size: undefined/unknown
2025-09-10 18:37:53 - o.h.e.t.j.p.i.JtaPlatformInitiator - HHH000489: No JTA platform available (set 'hibernate.transaction.jta.platform' to enable JTA platform integration)
2025-09-10 18:37:56 - o.s.o.j.LocalContainerEntityManagerFactoryBean - Initialized JPA EntityManagerFactory for persistence unit 'default'
2025-09-10 18:37:58 - o.s.d.j.r.query.QueryEnhancerFactory - Hibernate is in classpath; If applicable, HQL parser will be used.
2025-09-10 18:38:01 - o.s.s.c.a.a.c.InitializeAuthenticationProviderBeanManagerConfigurer$InitializeAuthenticationProviderManagerConfigurer - Global AuthenticationManager configured with AuthenticationProvider bean with name authenticationProvider
2025-09-10 18:38:01 - o.s.s.c.a.a.c.InitializeUserDetailsBeanManagerConfigurer$InitializeUserDetailsManagerConfigurer - Global AuthenticationManager configured with an AuthenticationProvider bean. UserDetailsService beans will not be used by Spring Security for automatically configuring username/password login. Consider removing the AuthenticationProvider bean. Alternatively, consider using the UserDetailsService in a manually instantiated DaoAuthenticationProvider. If the current configuration is intentional, to turn off this warning, increase the logging level of 'org.springframework.security.config.annotation.authentication.configuration.InitializeUserDetailsBeanManagerConfigurer' to ERROR
2025-09-10 18:38:01 - o.s.b.a.o.j.JpaBaseConfiguration$JpaWebConfiguration - spring.jpa.open-in-view is enabled by default. Therefore, database queries may be performed during view rendering. Explicitly configure spring.jpa.open-in-view to disable this warning
2025-09-10 18:38:03 - o.s.b.w.e.tomcat.TomcatWebServer - Tomcat started on port 8080 (http) with context path '/'
2025-09-10 18:38:03 - c.s.I.InsuranceManagementApplication - Started InsuranceManagementApplication in 26.669 seconds (process running for 28.38)
2025-09-10 18:40:11 - o.a.c.c.C.[Tomcat].[localhost].[/] - Initializing Spring DispatcherServlet 'dispatcherServlet'
2025-09-10 18:40:11 - o.s.web.servlet.DispatcherServlet - Initializing Servlet 'dispatcherServlet'
2025-09-10 18:40:11 - o.s.web.servlet.DispatcherServlet - Completed initialization in 2 ms
2025-09-10 18:41:25 - c.s.I.Service.CustomerService - Fetched 51 customers
2025-09-10 18:41:26 - c.s.I.Service.CustomerService - Fetched 51 customers
2025-09-10 18:41:28 - c.s.I.Service.CustomerService - Fetched customer by ID: 5
2025-09-10 18:41:28 - c.s.I.Service.CustomerService - Fetched customer by ID: 5
2025-09-10 18:41:30 - c.s.I.Service.CustomerService - Fetched 51 customers
2025-09-10 18:41:30 - c.s.I.Service.CustomerService - Fetched 51 customers
